Hello TensorLogic StdLib!